MPLINK 4.37, Linker
Linker Map File - Created Tue Dec 13 13:07:08 2016

                                 Section Info
                  Section       Type    Address   Location Size(Bytes)
                ---------  ---------  ---------  ---------  ---------
                   .org_0       code   0x000000    program   0x000278
                   .cinit    romdata   0x000278    program   0x000002
    .config_01FFF8_MAIN.O    romdata   0x01fff8    program   0x000001
    .config_01FFFA_MAIN.O    romdata   0x01fffa    program   0x000001



                              Program Memory Usage 
                               Start         End      
                           ---------   ---------      
                            0x000000    0x000279      
                            0x01fff8    0x01fff8      
                            0x01fffa    0x01fffa      
            636 out of 131072 program addresses used, program memory utilization is 0%



                              Symbols - Sorted by Name
                     Name    Address   Location    Storage File                     
                ---------  ---------  ---------  --------- ---------                
                   INICIO   0x000074    program     static D:\MPLABProyects\Practicas_curso_basico\3_LCD_lib\main.asm
                 LCD_Char   0x000184    program     static D:\MPLABProyects\Practicas_curso_basico\3_LCD_lib\MPLCD.inc
                LCD_Clear   0x0001b0    program     static D:\MPLABProyects\Practicas_curso_basico\3_LCD_lib\MPLCD.inc
                 LCD_GoTo   0x0001f8    program     static D:\MPLABProyects\Practicas_curso_basico\3_LCD_lib\MPLCD.inc
                 LCD_Home   0x0001d4    program     static D:\MPLABProyects\Practicas_curso_basico\3_LCD_lib\MPLCD.inc
                 LCD_Init   0x00007a    program     static D:\MPLABProyects\Practicas_curso_basico\3_LCD_lib\MPLCD.inc
                 Ret100us   0x00026c    program     static D:\MPLABProyects\Practicas_curso_basico\3_LCD_lib\MPLCD.inc
                  Ret15ms   0x000228    program     static D:\MPLABProyects\Practicas_curso_basico\3_LCD_lib\MPLCD.inc
                  Ret40ms   0x00023a    program     static D:\MPLABProyects\Practicas_curso_basico\3_LCD_lib\MPLCD.inc
                  Ret40us   0x000274    program     static D:\MPLABProyects\Practicas_curso_basico\3_LCD_lib\MPLCD.inc
                 Ret4_1ms   0x00025e    program     static D:\MPLABProyects\Practicas_curso_basico\3_LCD_lib\MPLCD.inc
                   Ret5ms   0x00024c    program     static D:\MPLABProyects\Practicas_curso_basico\3_LCD_lib\MPLCD.inc
             Retardo100us   0x000268    program     static D:\MPLABProyects\Practicas_curso_basico\3_LCD_lib\MPLCD.inc
              Retardo15ms   0x000220    program     static D:\MPLABProyects\Practicas_curso_basico\3_LCD_lib\MPLCD.inc
              Retardo40ms   0x000232    program     static D:\MPLABProyects\Practicas_curso_basico\3_LCD_lib\MPLCD.inc
              Retardo40us   0x000270    program     static D:\MPLABProyects\Practicas_curso_basico\3_LCD_lib\MPLCD.inc
             Retardo4_1ms   0x000256    program     static D:\MPLABProyects\Practicas_curso_basico\3_LCD_lib\MPLCD.inc
               Retardo5ms   0x000244    program     static D:\MPLABProyects\Practicas_curso_basico\3_LCD_lib\MPLCD.inc



                              Symbols - Sorted by Address
                     Name    Address   Location    Storage File                     
                ---------  ---------  ---------  --------- ---------                
                   INICIO   0x000074    program     static D:\MPLABProyects\Practicas_curso_basico\3_LCD_lib\main.asm
                 LCD_Init   0x00007a    program     static D:\MPLABProyects\Practicas_curso_basico\3_LCD_lib\MPLCD.inc
                 LCD_Char   0x000184    program     static D:\MPLABProyects\Practicas_curso_basico\3_LCD_lib\MPLCD.inc
                LCD_Clear   0x0001b0    program     static D:\MPLABProyects\Practicas_curso_basico\3_LCD_lib\MPLCD.inc
                 LCD_Home   0x0001d4    program     static D:\MPLABProyects\Practicas_curso_basico\3_LCD_lib\MPLCD.inc
                 LCD_GoTo   0x0001f8    program     static D:\MPLABProyects\Practicas_curso_basico\3_LCD_lib\MPLCD.inc
              Retardo15ms   0x000220    program     static D:\MPLABProyects\Practicas_curso_basico\3_LCD_lib\MPLCD.inc
                  Ret15ms   0x000228    program     static D:\MPLABProyects\Practicas_curso_basico\3_LCD_lib\MPLCD.inc
              Retardo40ms   0x000232    program     static D:\MPLABProyects\Practicas_curso_basico\3_LCD_lib\MPLCD.inc
                  Ret40ms   0x00023a    program     static D:\MPLABProyects\Practicas_curso_basico\3_LCD_lib\MPLCD.inc
               Retardo5ms   0x000244    program     static D:\MPLABProyects\Practicas_curso_basico\3_LCD_lib\MPLCD.inc
                   Ret5ms   0x00024c    program     static D:\MPLABProyects\Practicas_curso_basico\3_LCD_lib\MPLCD.inc
             Retardo4_1ms   0x000256    program     static D:\MPLABProyects\Practicas_curso_basico\3_LCD_lib\MPLCD.inc
                 Ret4_1ms   0x00025e    program     static D:\MPLABProyects\Practicas_curso_basico\3_LCD_lib\MPLCD.inc
             Retardo100us   0x000268    program     static D:\MPLABProyects\Practicas_curso_basico\3_LCD_lib\MPLCD.inc
                 Ret100us   0x00026c    program     static D:\MPLABProyects\Practicas_curso_basico\3_LCD_lib\MPLCD.inc
              Retardo40us   0x000270    program     static D:\MPLABProyects\Practicas_curso_basico\3_LCD_lib\MPLCD.inc
                  Ret40us   0x000274    program     static D:\MPLABProyects\Practicas_curso_basico\3_LCD_lib\MPLCD.inc


